Test run for D:\Personal\modular-sdk-dotnet\tests\SaasBuilder.IntegrationTests\bin\Release\net10.0\SaasBuilder.IntegrationTests.dll (.NETCoreApp,Version=v10.0)
VSTest version 18.0.1 (x64)

Starting test execution, please wait...
A total of 1 test files matched the specified pattern.

Passed!  - Failed:     0, Passed:    19, Skipped:     0, Total:    19, Duration: 31 s - SaasBuilder.IntegrationTests.dll (net10.0)
